INDEX      CMD          X          Y          Z
    1   L01_ci   1.000000   0.000000   0.000000
    1   L02_cs   0.000000   0.000000   1.000000
    1   L03_c2   0.000000   0.000000   1.000000
    1   L04_c3  -0.577350  -0.577350  -0.577350
    1   L05_c5   0.525731   0.000000  -0.850651
    1  L06_s10   0.850651   0.525731   0.000000
