#MOL_INDEX L01_ci L02_cs L03_c2 L04_c3 L05_c5 L06_s10 MIN   
#                                                           
1          0.0000 0.0000 0.0000 0.0000 0.0000 0.0000  0.0000
