INDEX      CMD  PERMUTATION
    1   L01_ci  1 13 12 11 10 9 8 7 6 5 4 3 2 
    1   L02_cs  1 2 3 5 4 7 6 9 8 11 10 12 13 
    1   L03_c2  1 13 12 10 11 8 9 6 7 4 5 3 2 
    1   L04_c3  1 6 7 2 12 4 10 5 11 3 13 8 9 
    1   L05_c5  1 7 2 6 5 12 11 4 3 10 9 13 8 
    1  L06_s10  1 13 8 10 9 12 11 4 3 6 5 7 2 
