C2 SYMMETRY: 0.0000
SCALING FACTOR: 1.000000

MODEL 01 INITIAL STRUCTURE COORDINATES
5
mol_index=9; TURKOI  **FRAG**        1
C          0.00000        0.00000       -1.28315
C         -0.92334       -0.74218       -0.32470
C         -0.56105       -0.46375        0.96627
C          0.56105        0.46374        0.96627
C          0.92334        0.74217       -0.32470

MODEL 02 RESULTING STRUCTURE COORDINATES
5
mol_index=9; TURKOI  **FRAG**        1
C          0.00000        0.00000       -1.28315
C         -0.92334       -0.74217       -0.32470
C         -0.56105       -0.46375        0.96627
C          0.56105        0.46374        0.96627
C          0.92334        0.74218       -0.32470
END

 DIRECTIONAL COSINES:

0.000000 0.000000 1.000000

 PERMUTATION:

1 5 4 3 2 
