[
    [
        {
            "csm": 0.008140163952841117,
            "dir": [
                0.7793867357723973,
                -0.2590140397930148,
                0.5704980659845832
            ],
            "formula_csm": 0.008140163952880102,
            "molecule": {
                "atoms": [
                    {
                        "adjacent": [],
                        "chain": 0,
                        "equivalency": [
                            0,
                            1,
                            2,
                            3
                        ],
                        "index": 0,
                        "mass": 1.0,
                        "pos": [
                            0.4603087499999994,
                            0.3844962499999998,
                            0.82156375
                        ],
                        "symbol": "C"
                    },
                    {
                        "adjacent": [],
                        "chain": 0,
                        "equivalency": [
                            0,
                            1,
                            2,
                            3
                        ],
                        "index": 1,
                        "mass": 1.0,
                        "pos": [
                            0.6880787499999999,
                            -0.7591037500000004,
                            -0.006556250000000041
                        ],
                        "symbol": "C"
                    },
                    {
                        "adjacent": [],
                        "chain": 0,
                        "equivalency": [
                            0,
                            1,
                            2,
                            3
                        ],
                        "index": 2,
                        "mass": 1.0,
                        "pos": [
                            -0.4788112500000006,
                            -0.40636375000000013,
                            -0.8491162499999999
                        ],
                        "symbol": "C"
                    },
                    {
                        "adjacent": [],
                        "chain": 0,
                        "equivalency": [
                            0,
                            1,
                            2,
                            3
                        ],
                        "index": 3,
                        "mass": 1.0,
                        "pos": [
                            -0.6654712500000004,
                            0.8193862500000001,
                            -0.014046249999999818
                        ],
                        "symbol": "C"
                    },
                    {
                        "adjacent": [],
                        "chain": 0,
                        "equivalency": [
                            4,
                            5,
                            6,
                            7
                        ],
                        "index": 4,
                        "mass": 1.0,
                        "pos": [
                            0.9921887499999995,
                            0.8549762500000001,
                            1.895493749999999
                        ],
                        "symbol": "O"
                    },
                    {
                        "adjacent": [],
                        "chain": 0,
                        "equivalency": [
                            4,
                            5,
                            6,
                            7
                        ],
                        "index": 5,
                        "mass": 1.0,
                        "pos": [
                            -1.057561250000001,
                            -0.9538337500000003,
                            -1.78341625
                        ],
                        "symbol": "O"
                    },
                    {
                        "adjacent": [],
                        "chain": 0,
                        "equivalency": [
                            4,
                            5,
                            6,
                            7
                        ],
                        "index": 6,
                        "mass": 1.0,
                        "pos": [
                            1.5263987499999994,
                            -1.7079637500000002,
                            -0.02714625000000037
                        ],
                        "symbol": "O"
                    },
                    {
                        "adjacent": [],
                        "chain": 0,
                        "equivalency": [
                            4,
                            5,
                            6,
                            7
                        ],
                        "index": 7,
                        "mass": 1.0,
                        "pos": [
                            -1.4651312500000007,
                            1.76840625,
                            -0.036776249999999955
                        ],
                        "symbol": "O"
                    }
                ],
                "center of mass": [
                    6.2123212500000005,
                    3.7743337500000003,
                    6.58120625
                ],
                "chain_equivalences": [
                    [
                        0
                    ]
                ],
                "chains": [
                    [
                        "Simulated chain",
                        [
                            0,
                            1,
                            2,
                            3,
                            4,
                            5,
                            6,
                            7
                        ]
                    ]
                ],
                "chains_with_internal_groups": {
                    "0": [
                        [
                            0,
                            1,
                            2,
                            3
                        ],
                        [
                            4,
                            5,
                            6,
                            7
                        ]
                    ]
                },
                "deleted indices": [],
                "equivalence classes": [
                    [
                        0,
                        1,
                        2,
                        3
                    ],
                    [
                        4,
                        5,
                        6,
                        7
                    ]
                ],
                "groups_with_internal_chains": [
                    {
                        "0": [
                            0,
                            1,
                            2,
                            3
                        ]
                    },
                    {
                        "0": [
                            4,
                            5,
                            6,
                            7
                        ]
                    }
                ],
                "metadata": {
                    "_out_format": null,
                    "_title": "mol_index=1; JUKREO  **FRAG**        1",
                    "babel_bond": false,
                    "file_content": [
                        "8\nmol_index=1; JUKREO  **FRAG**        1\nC          6.67263        4.15883        7.40277\nC          6.90040        3.01523        6.57465\nC          5.73351        3.36797        5.73209\nC          5.54685        4.59372        6.56716\nO          7.20451        4.62931        8.47670\nO          5.15476        2.82050        4.79779\nO          7.73872        2.06637        6.55406\nO          4.74719        5.54274        6.54443\n"
                    ],
                    "filepath": "squarate.xyz",
                    "format": "xyz",
                    "index": 0,
                    "initial_comments": "",
                    "initial_title": "",
                    "use_filename": false
                },
                "norm factor": 5.035312915605394,
                "normalized": false
            },
            "normalized_molecule_coords": [
                [
                    0.0914161160815676,
                    0.07635995149544185,
                    0.1631604159999307
                ],
                [
                    0.13665064347193054,
                    -0.15075602305616265,
                    -0.0013020541344473295
                ],
                [
                    -0.09509066427948763,
                    -0.08070277990879204,
                    -0.16863227057218763
                ],
                [
                    -0.13216085299040267,
                    0.1627279701844479,
                    -0.002789548581274425
                ],
                [
                    0.19704609557134323,
                    0.16979605127424469,
                    0.37644011042998
                ],
                [
                    -0.21002890341182512,
                    -0.18942889269977398,
                    -0.3541818115161926
                ],
                [
                    0.3031388069784896,
                    -0.3391971419902614,
                    -0.005391174382801309
                ],
                [
                    -0.29097124142161646,
                    0.35120086470085543,
                    -0.007303667243007549
                ]
            ],
            "normalized_symmetric_structure": [
                [
                    0.09024479903818897,
                    0.07605047339827617,
                    0.1648443789111221
                ],
                [
                    0.13527988480899575,
                    -0.150999220605799,
                    0.00023592084416675227
                ],
                [
                    -0.09583576030673668,
                    -0.0837064434841952,
                    -0.16663891531734587
                ],
                [
                    -0.1349860985366264,
                    0.1604156038887568,
                    -0.00231882801222543
                ],
                [
                    0.19717071531269206,
                    0.1713418142701052,
                    0.37407035692643986
                ],
                [
                    -0.21042262489111113,
                    -0.18693520063638341,
                    -0.3570891364956629
                ],
                [
                    0.3058434885168292,
                    -0.33850881240747016,
                    -0.005872365767247614
                ],
                [
                    -0.28729440394223227,
                    0.3523417855767098,
                    -0.007231411089247306
                ]
            ],
            "operation": {
                "name": "C2 SYMMETRY",
                "order": 2,
                "type": "CN"
            },
            "perm": [
                1,
                0,
                3,
                2,
                6,
                7,
                4,
                5
            ],
            "symmetric_structure": [
                [
                    0.4544108021632062,
                    0.3829379309402445,
                    0.8300430301961227
                ],
                [
                    0.6811765512003463,
                    -0.760328325762728,
                    0.0011879352736933752
                ],
                [
                    -0.482563041649374,
                    -0.4214881359953611,
                    -0.8390790825399053
                ],
                [
                    -0.6796972453886574,
                    0.8077427621256961,
                    -0.011676024639026292
                ],
                [
                    0.9928162493931526,
                    0.8627596503775213,
                    1.8835612995768225
                ],
                [
                    -1.059543760849801,
                    -0.9412772301456671,
                    -1.798055541018989
                ],
                [
                    1.5400176678826,
                    -1.704497795161578,
                    -0.02956919919298089
                ],
                [
                    -1.4466172227514755,
                    1.7741511436218733,
                    -0.036412417655739035
                ]
            ]
        }
    ],
    [
        {
            "csm": 0.0016614250752278181,
            "dir": [
                0.8859636175304979,
                -0.4197146203131004,
                -0.19725137745451515
            ],
            "formula_csm": 0.001661425075304157,
            "molecule": {
                "atoms": [
                    {
                        "adjacent": [],
                        "chain": 0,
                        "equivalency": [
                            0,
                            1,
                            2,
                            3
                        ],
                        "index": 0,
                        "mass": 1.0,
                        "pos": [
                            0.3328274999999987,
                            -0.707465,
                            -0.6799312500000001
                        ],
                        "symbol": "C"
                    },
                    {
                        "adjacent": [],
                        "chain": 0,
                        "equivalency": [
                            0,
                            1,
                            2,
                            3
                        ],
                        "index": 1,
                        "mass": 1.0,
                        "pos": [
                            -0.9258725000000004,
                            -0.0751949999999999,
                            -0.4046512500000006
                        ],
                        "symbol": "C"
                    },
                    {
                        "adjacent": [],
                        "chain": 0,
                        "equivalency": [
                            0,
                            1,
                            2,
                            3
                        ],
                        "index": 2,
                        "mass": 1.0,
                        "pos": [
                            -0.3514724999999999,
                            0.6671449999999997,
                            0.6964887499999994
                        ],
                        "symbol": "C"
                    },
                    {
                        "adjacent": [],
                        "chain": 0,
                        "equivalency": [
                            0,
                            1,
                            2,
                            3
                        ],
                        "index": 3,
                        "mass": 1.0,
                        "pos": [
                            0.9569574999999997,
                            0.09887499999999962,
                            0.38460874999999994
                        ],
                        "symbol": "C"
                    },
                    {
                        "adjacent": [],
                        "chain": 0,
                        "equivalency": [
                            4,
                            5,
                            6,
                            7
                        ],
                        "index": 4,
                        "mass": 1.0,
                        "pos": [
                            0.7235074999999984,
                            -1.5701150000000004,
                            -1.4874912500000002
                        ],
                        "symbol": "O"
                    },
                    {
                        "adjacent": [],
                        "chain": 0,
                        "equivalency": [
                            4,
                            5,
                            6,
                            7
                        ],
                        "index": 5,
                        "mass": 1.0,
                        "pos": [
                            -0.7598125000000008,
                            1.476045,
                            1.5561387499999997
                        ],
                        "symbol": "O"
                    },
                    {
                        "adjacent": [],
                        "chain": 0,
                        "equivalency": [
                            4,
                            5,
                            6,
                            7
                        ],
                        "index": 6,
                        "mass": 1.0,
                        "pos": [
                            -2.0730625000000007,
                            -0.12255500000000019,
                            -0.9256012500000006
                        ],
                        "symbol": "O"
                    },
                    {
                        "adjacent": [],
                        "chain": 0,
                        "equivalency": [
                            4,
                            5,
                            6,
                            7
                        ],
                        "index": 7,
                        "mass": 1.0,
                        "pos": [
                            2.0969274999999996,
                            0.2332649999999994,
                            0.86043875
                        ],
                        "symbol": "O"
                    }
                ],
                "center of mass": [
                    10.5309725,
                    5.436695,
                    5.41376125
                ],
                "chain_equivalences": [
                    [
                        0
                    ]
                ],
                "chains": [
                    [
                        "Simulated chain",
                        [
                            0,
                            1,
                            2,
                            3,
                            4,
                            5,
                            6,
                            7
                        ]
                    ]
                ],
                "chains_with_internal_groups": {
                    "0": [
                        [
                            0,
                            1,
                            2,
                            3
                        ],
                        [
                            4,
                            5,
                            6,
                            7
                        ]
                    ]
                },
                "deleted indices": [],
                "equivalence classes": [
                    [
                        0,
                        1,
                        2,
                        3
                    ],
                    [
                        4,
                        5,
                        6,
                        7
                    ]
                ],
                "groups_with_internal_chains": [
                    {
                        "0": [
                            0,
                            1,
                            2,
                            3
                        ]
                    },
                    {
                        "0": [
                            4,
                            5,
                            6,
                            7
                        ]
                    }
                ],
                "metadata": {
                    "_out_format": null,
                    "_title": "mol_index=2; JUKRIS  **FRAG**        1",
                    "babel_bond": false,
                    "file_content": [
                        "8\nmol_index=2; JUKRIS  **FRAG**        1\nC         10.86380        4.72923        4.73383\nC          9.60510        5.36150        5.00911\nC         10.17950        6.10384        6.11025\nC         11.48793        5.53557        5.79837\nO         11.25448        3.86658        3.92627\nO          9.77116        6.91274        6.96990\nO          8.45791        5.31414        4.48816\nO         12.62790        5.66996        6.27420\n"
                    ],
                    "filepath": "squarate.xyz",
                    "format": "xyz",
                    "index": 1,
                    "initial_comments": "",
                    "initial_title": "",
                    "use_filename": false
                },
                "norm factor": 4.99675574150243,
                "normalized": false
            },
            "normalized_molecule_coords": [
                [
                    0.06660871918064255,
                    -0.14158486758195601,
                    -0.13607454219796575
                ],
                [
                    -0.18529472879969275,
                    -0.015048764416367124,
                    -0.08098279582470236
                ],
                [
                    -0.07034014031959039,
                    0.133515631844634,
                    0.1393881922654435
                ],
                [
                    0.1915157653298179,
                    0.019787839373206936,
                    0.07697169321395633
                ],
                [
                    0.1447954507743165,
                    -0.31422688664943554,
                    -0.29769140757573626
                ],
                [
                    -0.15206116514543483,
                    0.2954006712275636,
                    0.31142982176913414
                ],
                [
                    -0.41488169669399727,
                    -0.02452691433004692,
                    -0.18524044357663352
                ],
                [
                    0.41965779567393724,
                    0.04668329053240073,
                    0.17219948192650344
                ]
            ],
            "normalized_symmetric_structure": [
                [
                    0.0670637105323304,
                    -0.14204358694824315,
                    -0.13535889857501393
                ],
                [
                    -0.18669666560386178,
                    -0.01306607331915376,
                    -0.08141602937296322
                ],
                [
                    -0.06821811514250213,
                    0.13382888828821693,
                    0.13817038208091187
                ],
                [
                    0.19116545948762315,
                    0.01971061987811291,
                    0.07786662860195417
                ],
                [
                    0.14451903581821854,
                    -0.31402561255923644,
                    -0.29771897839742856
                ],
                [
                    -0.15275091559681653,
                    0.29458173869325677,
                    0.3116009184630344
                ],
                [
                    -0.41503787572337003,
                    -0.02559861991548948,
                    -0.1851881414877025
                ],
                [
                    0.4199553662283778,
                    0.046612645882536496,
                    0.17204411868720793
                ]
            ],
            "operation": {
                "name": "C2 SYMMETRY",
                "order": 2,
                "type": "CN"
            },
            "perm": [
                3,
                2,
                1,
                0,
                7,
                6,
                5,
                4
            ],
            "symmetric_structure": [
                [
                    0.33510098064887894,
                    -0.7097571086272336,
                    -0.676355353618146
                ],
                [
                    -0.9328776357754557,
                    -0.06528797687637326,
                    -0.4068160122196845
                ],
                [
                    -0.3408692585127714,
                    0.6687102659330353,
                    0.6904036499683809
                ],
                [
                    0.9552071072717312,
                    0.09848915304453262,
                    0.3890805235382519
                ],
                [
                    0.7221263219810788,
                    -1.5691092825341824,
                    -1.4876290146615891
                ],
                [
                    -0.7632590145281462,
                    1.4719529941572995,
                    1.5569936783875977
                ],
                [
                    -2.0738428884617215,
                    -0.12791005103726052,
                    -0.9253399092368418
                ],
                [
                    2.0984143873764025,
                    0.23291200594018385,
                    0.8596624378420318
                ]
            ]
        }
    ]
]